======================================================================
Exp66 Part C — N=34 noiseless replication (resolves pred_c3981_001)
cells=34 K_max=3 shots=256 maxiter=20
FakeMarrakesh fixed ground truth capk = 0.5625
======================================================================
--- EDGES_20: max_cut=26 ---
  seed=42 cold=0.5965 p3[0.620,0.619,0.681] bestfirst[0, 0, 2] warm[0.644,0.644,0.682] lift[+0.047,+0.047,+0.086] (8s)
  seed=43 cold=0.5998 p3[0.689,0.620,0.590] bestfirst[0, 0, 0] warm[0.691,0.691,0.691] lift[+0.092,+0.092,+0.092] (5s)
  seed=44 cold=0.5978 p3[0.572,0.683,0.693] bestfirst[0, 1, 2] warm[0.580,0.689,0.693] lift[-0.018,+0.091,+0.095] (9s)
  seed=45 cold=0.5969 p3[0.607,0.694,0.593] bestfirst[0, 1, 1] warm[0.675,0.692,0.692] lift[+0.078,+0.095,+0.095] (7s)
  seed=46 cold=0.6596 p3[0.631,0.659,0.682] bestfirst[0, 1, 2] warm[0.660,0.684,0.687] lift[+0.000,+0.024,+0.027] (8s)
  seed=47 cold=0.6209 p3[0.665,0.682,0.585] bestfirst[0, 1, 1] warm[0.670,0.677,0.677] lift[+0.049,+0.056,+0.056] (7s)
  seed=48 cold=0.6723 p3[0.580,0.689,0.643] bestfirst[0, 1, 1] warm[0.591,0.693,0.693] lift[-0.081,+0.021,+0.021] (7s)
  seed=49 cold=0.5837 p3[0.576,0.589,0.652] bestfirst[0, 1, 2] warm[0.580,0.585,0.665] lift[-0.004,+0.002,+0.081] (8s)
  seed=50 cold=0.6893 p3[0.661,0.598,0.601] bestfirst[0, 0, 0] warm[0.684,0.684,0.684] lift[-0.005,-0.005,-0.005] (5s)
  seed=51 cold=0.6193 p3[0.688,0.678,0.685] bestfirst[0, 0, 0] warm[0.689,0.689,0.689] lift[+0.070,+0.070,+0.070] (6s)
  seed=52 cold=0.6582 p3[0.684,0.594,0.685] bestfirst[0, 0, 2] warm[0.688,0.688,0.691] lift[+0.029,+0.029,+0.033] (7s)
  seed=53 cold=0.6997 p3[0.687,0.694,0.651] bestfirst[0, 1, 1] warm[0.682,0.694,0.694] lift[-0.017,-0.006,-0.006] (7s)
  seed=54 cold=0.6867 p3[0.691,0.656,0.624] bestfirst[0, 0, 0] warm[0.695,0.695,0.695] lift[+0.009,+0.009,+0.009] (6s)
  seed=55 cold=0.6836 p3[0.619,0.588,0.692] bestfirst[0, 0, 2] warm[0.689,0.689,0.690] lift[+0.006,+0.006,+0.007] (7s)
  seed=56 cold=0.6010 p3[0.590,0.627,0.656] bestfirst[0, 1, 2] warm[0.633,0.650,0.660] lift[+0.032,+0.049,+0.059] (8s)
  seed=57 cold=0.6514 p3[0.571,0.634,0.648] bestfirst[0, 1, 2] warm[0.572,0.656,0.654] lift[-0.079,+0.005,+0.003] (8s)
--- rand_seed101: max_cut=26 ---
  seed=42 cold=0.6810 p3[0.587,0.591,0.572] bestfirst[0, 1, 1] warm[0.586,0.591,0.591] lift[-0.095,-0.090,-0.090] (7s)
  seed=43 cold=0.6408 p3[0.617,0.584,0.587] bestfirst[0, 0, 0] warm[0.694,0.694,0.694] lift[+0.053,+0.053,+0.053] (6s)
  seed=44 cold=0.6585 p3[0.575,0.721,0.766] bestfirst[0, 1, 2] warm[0.577,0.732,0.767] lift[-0.081,+0.073,+0.109] (8s)
  seed=45 cold=0.5826 p3[0.741,0.581,0.585] bestfirst[0, 0, 0] warm[0.749,0.749,0.749] lift[+0.166,+0.166,+0.166] (5s)
  seed=46 cold=0.6839 p3[0.581,0.755,0.766] bestfirst[0, 1, 2] warm[0.591,0.763,0.767] lift[-0.093,+0.079,+0.083] (8s)
  seed=47 cold=0.6478 p3[0.666,0.733,0.590] bestfirst[0, 1, 1] warm[0.752,0.748,0.748] lift[+0.104,+0.100,+0.100] (7s)
--- rand_seed202: max_cut=25 ---
  seed=42 cold=0.6228 p3[0.631,0.672,0.617] bestfirst[0, 1, 1] warm[0.714,0.709,0.709] lift[+0.091,+0.087,+0.087] (7s)
  seed=43 cold=0.6016 p3[0.661,0.613,0.610] bestfirst[0, 0, 0] warm[0.662,0.662,0.662] lift[+0.061,+0.061,+0.061] (6s)
  seed=44 cold=0.6927 p3[0.600,0.671,0.718] bestfirst[0, 1, 2] warm[0.600,0.670,0.720] lift[-0.092,-0.022,+0.027] (8s)
  seed=45 cold=0.6566 p3[0.630,0.720,0.584] bestfirst[0, 1, 1] warm[0.702,0.719,0.719] lift[+0.045,+0.062,+0.062] (7s)
  seed=46 cold=0.6388 p3[0.613,0.711,0.717] bestfirst[0, 1, 2] warm[0.610,0.713,0.719] lift[-0.029,+0.074,+0.080] (8s)
  seed=47 cold=0.6744 p3[0.616,0.647,0.608] bestfirst[0, 1, 1] warm[0.686,0.654,0.654] lift[+0.012,-0.020,-0.020] (7s)
--- rand_seed303: max_cut=26 ---
  seed=42 cold=0.6116 p3[0.572,0.594,0.581] bestfirst[0, 1, 1] warm[0.578,0.593,0.593] lift[-0.034,-0.019,-0.019] (7s)
  seed=43 cold=0.6044 p3[0.670,0.580,0.592] bestfirst[0, 0, 0] warm[0.684,0.684,0.684] lift[+0.079,+0.079,+0.079] (5s)
  seed=44 cold=0.6669 p3[0.581,0.674,0.687] bestfirst[0, 1, 2] warm[0.577,0.664,0.689] lift[-0.090,-0.003,+0.022] (8s)
  seed=45 cold=0.6343 p3[0.601,0.691,0.579] bestfirst[0, 1, 1] warm[0.685,0.691,0.691] lift[+0.050,+0.056,+0.056] (6s)
  seed=46 cold=0.6421 p3[0.589,0.679,0.686] bestfirst[0, 1, 2] warm[0.683,0.683,0.691] lift[+0.041,+0.041,+0.049] (8s)
  seed=47 cold=0.6406 p3[0.637,0.619,0.583] bestfirst[0, 0, 0] warm[0.631,0.631,0.631] lift[-0.009,-0.009,-0.009] (5s)

======================================================================
EXP66 PART C RESULT
======================================================================
  Cells: 34
  Noiseless granular capk : 0.5281  (Part A N=17: 0.5236)
  Noiseless binary capk   : 0.4702
  FakeMarrakesh capk      : 0.5625 (fixed)
  Pooled LOO capture      : 0.8543 | mean_k: 1.618
  Bootstrap capk 95% CI   : [0.4212, 0.6346]  (draws=5000)
  Frac resamples capk<0.5625: 0.738  (need >=0.667)

  pred_c3981_001: VALIDATED (noiseless capk < 0.5625, 73.8% of resamples below)
======================================================================

  Wrote /mnt/droid/repos/quantum/scripts/../experiments/exp66c_n34_results.json
