qiskit_runtime_service._discover_account:WARNING:2026-08-29 22:07:01,727: Loading account with the given token. A saved account will not be used.
ACCOUNT: OPEN9  env=IBMQ_TOKEN  instance=…1:ace903cb-9f88-4755-bedc-259f9dd1525f::
DOOR (b) FLIGHT — n=16, eps=0.3, delta=0.05
  [PASS] G-DECODE  decoder vs exact simulation, n=1..3: worst |E[sign] - tr(P rho)^2| = 5.55e-16
  [PASS] F-BIAS    biased draw <s> = +0.8996 (target +0.90);  UNIFORM-BUG draw <s> = -0.0032 (wash, target 0)
  [PASS] F-IND     shared-stream identical-draw rate 1.000 (bug fires at ~1.0);  independent 0.127
  [PASS] F-MIX     identity-qubit |<Z>|: BUGGY-arm 1.000 (must fire >0.05), FIXED-arm 0.015 (must pass <0.05)

  registered budget T = 4 ln(2*4^n/delta)/eps^4 = 12,775 copies -> 6,388 Bell shots
  theorem floor (memoryless) 2^n/eps^2 = 728,178 copies   ratio 57.0x
  width: 2n = 32 qubits
  [PASS] G-CRN     ...4755-bedc-259f9dd1525f::  remaining 166s  flagged=False
  [PASS] G-BACKEND ibm_marrakesh
  [PASS] G-FIT     166s remaining, reserve 20s
  [PASS] G-SEAL    338343d849a0d48c... matches the pinned commitment
  template: 96 params, ISA 2q=16 (structure identical for every P — form (a))
  [G-WEATHER] calibration-only job da9lg2urbfbs73chps00 (2,000 rows) — reading delivered eps before committing the science budget
  [G-WEATHER] delivered tr(P_cal rho)^2 = +0.2190 -> eps_eff = 0.1560 (gate 0.128)
  [PASS] G-WEATHER  eps_eff 0.1560 >= 0.128 — claimable epoch
  [G-EPOCH]  sized by REGISTERED --copies 50,000 -> T = 50,000 copies = 25,000 shots, est 44s vs 162s live
  [PASS] G-EPOCH   registered budget fits
  job 2: da9lg8ke74ec73ajthe0  5,000 rows x 1 shot  (162s before)
  job 3: da9lg94jbipc73ff0gpg  5,000 rows x 1 shot  (162s before)
  job 4: da9lg9hqtnsc73d1nst0  5,000 rows x 1 shot  (162s before)
  job 5: da9lga1qtnsc73d1nsu0  5,000 rows x 1 shot  (162s before)
  job 6: da9lgakjbipc73ff0gqg  5,000 rows x 1 shot  (162s before)

  manifest -> results/doorb_flight_n16_da9lg2urbfbs73chps00.json  (no P, no draws)
