ACCOUNT: OPEN10  env=IBMQ_ALT  instance=…3:44cfd6bd-c143-4ed4-8bc0-9d560992006f::
DOOR (b) FLIGHT — n=8, eps=0.3, delta=0.05
  [PASS] G-DECODE  decoder vs exact simulation, n=1..3: worst |E[sign] - tr(P rho)^2| = 5.55e-16
  [PASS] F-BIAS    biased draw <s> = +0.8996 (target +0.90);  UNIFORM-BUG draw <s> = -0.0032 (wash, target 0)
  [PASS] F-IND     shared-stream identical-draw rate 1.000 (bug fires at ~1.0);  independent 0.127
  [PASS] F-MIX     identity-qubit |<Z>|: BUGGY-arm 1.000 (must fire >0.05), FIXED-arm 0.015 (must pass <0.05)
  [PASS] G-SEAL-SEL v1 only            -> v1, weight NOT bound
  [PASS] G-SEAL-SEL v2 only            -> v2, w parsed from the key
  [PASS] G-SEAL-SEL two v2 seals       -> REFUSE (cannot choose among commitments)
  [PASS] G-SEAL-SEL empty store        -> REFUSE (no seal)
  [PASS] G-SEAL-SEL v1 AND v2 PRESENT  -> REFUSE (the 7th case; old code took v1 SILENTLY)
  [PASS] G-SEAL-SEL weight match       -> PASS, returns flown weight
  [PASS] G-SEAL-SEL weight mismatch LO -> REFUSE
  [PASS] G-SEAL-SEL weight mismatch HI -> REFUSE
  [PASS] G-SEAL-SEL v1 seal            -> weight gate returns None, i.e. DID NOT RUN
  [PASS] G-SEAL-SEL v2 weight suffix ':wX' non-integer -> REFUSE, not ValueError
  [PASS] G-SEAL-SEL v2 key with NO ':w' segment       -> REFUSE, not IndexError
  [PASS] G-SEAL-SEL v2 weight 0 (identity_excluded is bound) -> REFUSE
  [PASS] G-SEAL-SEL v2 weight suffix ':w-1' negative  -> REFUSE
  [PASS] G-SEAL-SEL wrong-length P, right weight, n OMITTED -> PASSES (weaker standalone contract)
  [PASS] G-SEAL-SEL wrong-length P, right weight, n GIVEN   -> REFUSE
  [PASS] G-SEAL-SEL right-length P, right weight, n GIVEN   -> PASS
  [PASS] G-SEAL-SEL selection does NOT mutate the store (refuse, never dedup the stale key)
  [PASS] G-SEAL-SEL BUG ARM: pre-fix selection DOES take v1 on the v1+v2 store (defect reproduces)

  registered budget T = 4 ln(2*4^n/delta)/eps^4 = 7,298 copies -> 3,650 Bell shots
  theorem floor (memoryless) 2^n/eps^2 = 2,844 copies   ratio 0.4x
  width: 2n = 16 qubits
qiskit_runtime_service._discover_account:WARNING:2026-09-06 09:25:13,639: Loading account with the given token. A saved account will not be used.
  [PASS] G-CRN     ...4ed4-8bc0-9d560992006f::  remaining 431s  flagged=False
  [PASS] G-BACKEND ibm_marrakesh
  [PASS] G-FIT     431s remaining, reserve 20s
  [PASS] G-SEAL    533ff8cf3c780ba5... matches the pinned commitment doorb_commitment_v2_n8_w6.json
  [PASS] G-SEAL-W  flown weight 6 == sealed w=6
  template: 48 params, ISA 2q=8 (structure identical for every P — form (a))
  [G-CAL]    k=4 matched-weight cal blocks at sealed w=6, 8,865 rows each (c5093 items 1-2)
  [G-WEATHER] calibration-only job daej2vl1ierc738m7reg (2,000 rows) — reading delivered eps before committing the science budget
  [G-WEATHER] delivered tr(P_cal rho)^2 = +0.4830 -> eps_eff = 0.2317 (gate 0.128)
  [PASS] G-WEATHER  eps_eff 0.2317 >= 0.128 — claimable epoch
  [G-EPOCH]  sized by REGISTERED --copies 50,000 -> T = 50,000 copies = 25,000 shots, est 131s vs 427s live
  [PASS] G-EPOCH   registered budget fits
  job 2: daej35d1ierc738m7rm0  10,000 rows x 1 shot  (cal block 0 FIRST, 8865 rows)  (427s before)
  job 3: daej35rdd5gc73d8mnfg  10,000 rows x 1 shot  (cal block 1 FIRST, 8865 rows)  (427s before)
  job 4: daej36bdd5gc73d8mnh0  10,000 rows x 1 shot  (cal block 2 FIRST, 8865 rows)  (427s before)
  job 5: daej36t1ierc738m7rqg  10,000 rows x 1 shot  (cal block 3 FIRST, 8865 rows)  (427s before)
  job 6: daej37dnj4cs73af86h0  5,000 rows x 1 shot  (427s before)
  job 7: daej37jdd5gc73d8mnl0  5,000 rows x 1 shot  (427s before)
  job 8: daej37rdd5gc73d8mnmg  5,000 rows x 1 shot  (427s before)
  job 9: daej38e42tqs73auq5v0  5,000 rows x 1 shot  (423s before)
  job 10: daej38m42tqs73auq61g  460 rows x 1 shot  (423s before)

  manifest -> results/doorb_flight_n8_daej2vl1ierc738m7reg.json  (no P, no draws)
