ACCOUNT: OPEN10  env=IBMQ_ALT  instance=…3:44cfd6bd-c143-4ed4-8bc0-9d560992006f::
DOOR (b) FLIGHT — n=16, eps=0.3, delta=0.05
  [PASS] G-DECODE  decoder vs exact simulation, n=1..3: worst |E[sign] - tr(P rho)^2| = 5.55e-16
  [PASS] F-BIAS    biased draw <s> = +0.8996 (target +0.90);  UNIFORM-BUG draw <s> = -0.0032 (wash, target 0)
  [PASS] F-IND     shared-stream identical-draw rate 1.000 (bug fires at ~1.0);  independent 0.127
  [PASS] F-MIX     identity-qubit |<Z>|: BUGGY-arm 1.000 (must fire >0.05), FIXED-arm 0.015 (must pass <0.05)
  [PASS] G-SEAL-SEL v1 only            -> v1, weight NOT bound
  [PASS] G-SEAL-SEL v2 only            -> v2, w parsed from the key
  [PASS] G-SEAL-SEL two v2 seals       -> REFUSE (cannot choose among commitments)
  [PASS] G-SEAL-SEL empty store        -> REFUSE (no seal)
  [PASS] G-SEAL-SEL v1 AND v2 PRESENT  -> REFUSE (the 7th case; old code took v1 SILENTLY)
  [PASS] G-SEAL-SEL weight match       -> PASS, returns flown weight
  [PASS] G-SEAL-SEL weight mismatch LO -> REFUSE
  [PASS] G-SEAL-SEL weight mismatch HI -> REFUSE
  [PASS] G-SEAL-SEL v1 seal            -> weight gate returns None, i.e. DID NOT RUN
  [PASS] G-SEAL-SEL v2 weight suffix ':wX' non-integer -> REFUSE, not ValueError
  [PASS] G-SEAL-SEL v2 key with NO ':w' segment       -> REFUSE, not IndexError
  [PASS] G-SEAL-SEL v2 weight 0 (identity_excluded is bound) -> REFUSE
  [PASS] G-SEAL-SEL v2 weight suffix ':w-1' negative  -> REFUSE
  [PASS] G-SEAL-SEL wrong-length P, right weight, n OMITTED -> PASSES (weaker standalone contract)
  [PASS] G-SEAL-SEL wrong-length P, right weight, n GIVEN   -> REFUSE
  [PASS] G-SEAL-SEL right-length P, right weight, n GIVEN   -> PASS
  [PASS] G-SEAL-SEL selection does NOT mutate the store (refuse, never dedup the stale key)
  [PASS] G-SEAL-SEL BUG ARM: pre-fix selection DOES take v1 on the v1+v2 store (defect reproduces)

  registered budget T = 4 ln(2*4^n/delta)/eps^4 = 12,775 copies -> 6,388 Bell shots
  theorem floor (memoryless) 2^n/eps^2 = 728,178 copies   ratio 57.0x
  width: 2n = 32 qubits
qiskit_runtime_service._discover_account:WARNING:2026-09-06 09:16:35,282: Loading account with the given token. A saved account will not be used.
  [PASS] G-CRN     ...4ed4-8bc0-9d560992006f::  remaining 533s  flagged=False
  [PASS] G-BACKEND ibm_marrakesh
  [PASS] G-FIT     533s remaining, reserve 20s
  [PASS] G-SEAL    a69d98a877618256... matches the pinned commitment doorb_commitment_v2_n16_w13.json
  [PASS] G-SEAL-W  flown weight 13 == sealed w=13
  template: 96 params, ISA 2q=16 (structure identical for every P — form (a))
  [G-CAL]    k=4 matched-weight cal blocks at sealed w=13, 8,865 rows each (c5093 items 1-2)
  [G-WEATHER] calibration-only job daeiuu3dd5gc73d8miog (2,000 rows) — reading delivered eps before committing the science budget
  [G-WEATHER] delivered tr(P_cal rho)^2 = +0.1740 -> eps_eff = 0.1390 (gate 0.128)
  [PASS] G-WEATHER  eps_eff 0.1390 >= 0.128 — claimable epoch
  [G-EPOCH]  sized by REGISTERED --copies 50,000 -> T = 50,000 copies = 25,000 shots, est 131s vs 529s live
  [PASS] G-EPOCH   registered budget fits
  job 2: daeiv3tnj4cs73af8200  10,000 rows x 1 shot  (cal block 0 FIRST, 8865 rows)  (529s before)
  job 3: daeiv4l1ierc738m7nb0  10,000 rows x 1 shot  (cal block 1 FIRST, 8865 rows)  (529s before)
  job 4: daeiv53dd5gc73d8mj20  10,000 rows x 1 shot  (cal block 2 FIRST, 8865 rows)  (529s before)
  job 5: daeiv5tnj4cs73af823g  10,000 rows x 1 shot  (cal block 3 FIRST, 8865 rows)  (529s before)
  job 6: daeiv651ierc738m7ne0  5,000 rows x 1 shot  (529s before)
  job 7: daeiv6lnj4cs73af8250  5,000 rows x 1 shot  (529s before)
  job 8: daeiv73dd5gc73d8mj5g  5,000 rows x 1 shot  (529s before)
  job 9: daeiv7bdd5gc73d8mj60  5,000 rows x 1 shot  (529s before)
  job 10: daeiv7lnj4cs73af827g  460 rows x 1 shot  (529s before)

  manifest -> results/doorb_flight_n16_daeiuu3dd5gc73d8miog.json  (no P, no draws)
